
> my-app@0.1.0 build
> next build

Γû▓ Next.js 16.1.6 (Turbopack)

  Creating an optimized production build ...
Γ£ô Compiled successfully in 2.4s
  Running TypeScript ...
node.exe : Failed to 
compile.
At line:1 char:1
+ & "C:\Program Files\
nodejs/node.exe" 
"C:\Program 
Files\nodejs/node_mo 
...
+ ~~~~~~~~~~~~~~~~~~~~
~~~~~~~~~~~~~~~~~~~~~~
~~~~~~~~~~~~~~~~~~~~~~
~~~~~
    + CategoryInfo    
          : NotSpeci  
  fied: (Failed to    
 compile.:String)     
[], RemoteExcepti    
on
    + FullyQualifiedE 
   rrorId : NativeCo  
  mmandError
 

./src/components/Lenis
Provider.tsx:13:7
Type error: Object 
literal may only 
specify known 
properties, and 
'direction' does not 
exist in type 
'LenisOptions'.

[0m [90m 11 |[39m  
     
duration[33m:[39m [
35m1.5[39m[33m,[39m
 [90m 12 |[39m      
 easing[33m:[39m 
(t) [33m=>[39m [33m
Math[39m[33m.[39mmi
n([35m1[39m[33m,[3
9m [35m1.001[39m 
[33m-[39m [33mMath
[39m[33m.[39mpow([3
5m2[39m[33m,[39m [
33m-[39m[35m10[39m 
[33m*[39m 
t))[33m,[39m
[31m[1m>[22m[39m[
90m 13 |[39m       
direction[33m:[39m 
[32m"vertical"[39m[3
3m,[39m
 [90m    |[39m      
 [31m[1m^[22m[39m
 [90m 14 |[39m      
 gestureDirection[33m
:[39m [32m"vertical"
[39m[33m,[39m
 [90m 15 |[39m      
 smooth[33m:[39m [3
6mtrue[39m[33m,[39m
 [90m 16 |[39m      
 mouseMultiplier[33m:
[39m [35m1[39m[33m
,[39m[0m
Next.js build worker 
exited with code: 1 
and signal: null
